// Jest Snapshot v1, https://goo.gl/fbAQLP

exports[`Indecision Component debe hacer match con el snapshot 1`] = `
<!--v-if-->
<div class="bg-dark"></div>
<div class="indecision-container"><input type="text" placeholder="Hazme una pregunta"><!-- v-on:keyup.enter="question" esto no se si vale para algo -->
  <p>Recuerda terminar con un signo de interrogación (?)</p>
  <div>
    <!-- <h2>Seré millonario??</h2>  -->
    <h2>Seré millonario??</h2>
    <h1>Si, No, ... pensando</h1>
  </div>
</div>
`;
